# Іменники
# !noun

# з тегами

# і - о + ь в кінці
якір якір noun:gms:v_naz/v_zna
якоря якір noun:gms:v_rod
якорю якір noun:gms:v_dav/v_mis
якорем якір noun:gms:v_oru
якореві якір noun:gms:v_dav
якорі якір noun:gms:v_mis//gmp:v_naz/v_zna/v_kly
якорю якір noun:gms:v_kly
якорів якір noun:gmp:v_rod
якорям якір noun:gmp:v_dav
якорями якір noun:gmp:v_oru
якорях якір noun:gmp:v_mis

# 0 - о
Великдень Великдень noun:gms:v_naz/v_zna:prop
Великодня Великдень noun:gms:v_rod:prop
Великодню Великдень noun:gms:v_dav/v_mis/v_kly:prop
Великоднем Великдень noun:gms:v_oru:prop
Великодні Великдень noun:gmp:v_naz/v_zna/v_kly:prop
Великоднів Великдень noun:gmp:v_rod:prop
Великодням Великдень noun:gmp:v_dav:prop
Великоднями Великдень noun:gmp:v_oru:prop
Великоднях Великдень noun:gmp:v_mis:prop

Лев Лев noun:anim:gms:v_naz:prop:fname
Льва Лев noun:anim:gms:v_rod:prop:fname
Львові Лев noun:anim:gms:v_dav:prop:fname
Льву Лев noun:anim:gms:v_dav:prop:fname
Льва Лев noun:anim:gms:v_zna:prop:fname
Львом Лев noun:anim:gms:v_oru:prop:fname
Льві Лев noun:anim:gms:v_mis:prop:fname
Львові Лев noun:anim:gms:v_mis:prop:fname
Льву Лев noun:anim:gms:v_mis:prop:fname
Леве Лев noun:anim:gms:v_kly:prop:fname


чернець чернець noun:anim:gms:v_naz
ченця чернець noun:anim:gms:v_rod
ченцеві чернець noun:anim:gms:v_dav
ченцю чернець noun:anim:gms:v_dav
ченця чернець noun:anim:gms:v_zna
ченцем чернець noun:anim:gms:v_oru
ченцеві чернець noun:anim:gms:v_mis
ченці чернець noun:anim:gms:v_mis
ченцю чернець noun:anim:gms:v_mis
ченче чернець noun:anim:gms:v_kly
ченці чернець noun:anim:gmp:v_naz
ченців чернець noun:anim:gmp:v_rod
ченцям чернець noun:anim:gmp:v_dav
ченців чернець noun:anim:gmp:v_zna
ченцями чернець noun:anim:gmp:v_oru
ченцях чернець noun:anim:gmp:v_mis
ченці чернець noun:anim:gmp:v_kly

стекла скло noun:gnp:v_naz/v_zna/v_kly      #> скла
стекол скло noun:gnp:v_rod            #> скел
стеклам скло noun:gnp:v_dav/v_mis     #> склам
стеклами скло noun:gnp:v_oru          #> склами
стеклах скло noun:gnp:v_mis           #> склах

зябра зябра noun:inanim:gfs:v_naz:rare
зябри зябра noun:inanim:gfs:v_rod:rare
зябрі зябра noun:inanim:gfs:v_dav:rare
зябру зябра noun:inanim:gfs:v_zna:rare
зяброю зябра noun:inanim:gfs:v_oru:rare
зябрі зябра noun:inanim:gfs:v_mis:rare
зябро зябра noun:inanim:gfs:v_kly:rare
зябра зябра noun:inanim:gfp:v_naz
зябер зябра noun:inanim:gfp:v_rod
зябрам зябра noun:inanim:gfp:v_dav
зябра зябра noun:inanim:gfp:v_zna
зябрами зябра noun:inanim:gfp:v_oru
зябрах зябра noun:inanim:gfp:v_mis
зябра зябра noun:inanim:gfp:v_kly


вісь вісь noun:gfs:v_naz/v_zna
осі вісь noun:gfs:v_rod/v_dav/v_mis//gfp:v_naz/v_zna/v_kly
осе вісь noun:gfs:v_kly
віссю вісь noun:gfs:v_oru
осей вісь noun:gfp:v_rod
осям вісь noun:gfp:v_dav
осях вісь noun:gfp:v_mis
осями вісь noun:gfp:v_oru

піввісь піввісь noun:gfs:v_naz/v_zna
півосі піввісь noun:gfs:v_rod/v_dav/v_mis//gfp:v_naz/v_zna/v_kly
піввіссю піввісь noun:gfs:v_oru
півосе піввісь noun:gfs:v_kly
півосей піввісь noun:gfp:v_rod
півосям піввісь noun:gfp:v_dav
півосях піввісь noun:gfp:v_mis
півосями піввісь noun:gfp:v_oru

овес овес noun:gms:v_naz/v_zna
вівса овес noun:gms:v_rod//gmp:v_naz/v_zna
вівсу овес noun:gms:v_dav/v_mis
вівсові овес noun:gms:v_dav/v_mis
вівсом овес noun:gms:v_oru
вівсі овес noun:gms:v_mis
вівсе овес noun:gms:v_kly
вівси овес noun:gmp:v_naz/v_zna/v_kly
вівса овес noun:gmp:v_naz/v_zna/v_kly
вівсів овес noun:gmp:v_rod
вівсам овес noun:gmp:v_dav
вівсами овес noun:gmp:v_oru
вівсах овес noun:gmp:v_mis

вівці вівця noun:gfp:v_naz/v_zna/v_kly:anim
овець вівця noun:gfp:v_rod/v_zna:anim
вівцям вівця noun:gfp:v_dav:anim
вівцями вівця noun:gfp:v_oru:anim
вівцях вівця noun:gfp:v_mis:anim


ігри гра noun:gfp:v_naz/v_zna/v_kly
гри гра noun:gfp:v_naz/v_zna              # 2,3,4 гри
ігор гра noun:gfp:v_rod
іграм гра noun:gfp:v_dav
іграми гра noun:gfp:v_oru
іграх гра noun:gfp:v_mis

телеігри телегра noun:gfp:v_naz/v_zna/v_kly
телегри телегра noun:gfp:v_naz/v_zna              # 2,3,4 гри
телеігор телегра noun:gfp:v_rod
телеіграм телегра noun:gfp:v_dav
телеіграми телегра noun:gfp:v_oru
телеіграх телегра noun:gfp:v_mis

суперігри супергра noun:gfp:v_naz/v_zna/v_kly
супергри супергра noun:gfp:v_naz/v_zna              # 2,3,4 гри
суперігор супергра noun:gfp:v_rod
суперіграм супергра noun:gfp:v_dav
суперіграми супергра noun:gfp:v_oru
суперіграх супергра noun:gfp:v_mis

відеоігри відеогра noun:gfp:v_naz/v_zna/v_kly
відеоігор відеогра noun:gfp:v_rod
відеоіграм відеогра noun:gfp:v_dav
відеоіграми відеогра noun:gfp:v_oru
відеоіграх відеогра noun:gfp:v_mis

окові око noun:gns:v_dav
очі око noun:gnp:v_naz/v_zna/v_kly
очей око noun:gnp:v_rod
очам око noun:gnp:v_dav
очима око noun:gnp:v_oru
очах око noun:gnp:v_mis
вічі око noun:gnp:v_zna

очко очко noun:gns:v_naz/v_zna/v_kly:xp1    # о́чко (від око)
очка очко noun:gns:v_rod:xp1
очку очко noun:gns:v_dav:xp1
очком очко noun:gns:v_oru:xp1
очку очко noun:gns:v_mis:xp1
очка очко noun:gnp:v_naz:xp1
очки очко noun:gnp:v_naz/v_kly:xp1
очок очко noun:gnp:v_rod:xp1
очкам очко noun:gnp:v_dav:xp1
очка очко noun:gnp:v_zna:xp1
очки очко noun:gnp:v_zna:xp1
очками очко noun:gnp:v_oru:xp1
очках очко noun:gnp:v_mis:xp1

очко очко noun:gns:v_naz/v_zna/v_kly:xp2    # очко́ (в грі)
очка очко noun:gns:v_rod:xp2
очку очко noun:gns:v_dav:xp2
очком очко noun:gns:v_oru:xp2
очку очко noun:gns:v_mis:xp2
очки очко noun:gnp:v_naz/v_kly:xp2
очок очко noun:gnp:v_rod:xp2
очкам очко noun:gnp:v_dav:xp2
очки очко noun:gnp:v_zna:xp2
очками очко noun:gnp:v_oru:xp2
очках очко noun:gnp:v_mis:xp2

переддень переддень noun:inanim:gms:v_naz
передодня переддень noun:inanim:gms:v_rod
передодневі переддень noun:inanim:gms:v_dav
передодню переддень noun:inanim:gms:v_dav
переддень переддень noun:inanim:gms:v_zna
передоднем переддень noun:inanim:gms:v_oru
передодневі переддень noun:inanim:gms:v_mis
передодні переддень noun:inanim:gms:v_mis
передодню переддень noun:inanim:gms:v_mis
передодню переддень noun:inanim:gms:v_kly
передодні переддень noun:inanim:gmp:v_naz
передоднів переддень noun:inanim:gmp:v_rod
передодням переддень noun:inanim:gmp:v_dav
передодні переддень noun:inanim:gmp:v_zna
передоднями переддень noun:inanim:gmp:v_oru
передоднях переддень noun:inanim:gmp:v_mis
передодні переддень noun:inanim:gmp:v_kly



Господь Господь noun:gms:v_naz:anim:prop
Господа Господь noun:gms:v_rod/v_zna:anim:prop
Господові Господь noun:gms:v_dav/v_mis:anim:prop
Господеві Господь noun:gms:v_dav/v_mis:anim:prop
Господу Господь noun:gms:v_dav:anim:prop
Господом Господь noun:gms:v_oru:anim:prop
Господі Господь noun:gms:v_mis:anim:prop
Господи Господь noun:gms:v_kly:anim:prop

Христос Христос noun:gms:v_naz:anim:prop:fname
Христа Христос noun:gms:v_rod/v_zna:anim:prop:fname
Христу Христос noun:gms:v_dav:anim:prop:fname
Христові Христос noun:gms:v_dav/v_mis:anim:prop:fname
Христом Христос noun:gms:v_oru:anim:prop:fname
Христі Христос noun:gms:v_mis:anim:prop:fname
Христе Христос noun:gms:v_kly:anim:prop:fname

четвер четвер noun:gms:v_naz/v_zna
четверга четвер noun:gms:v_rod
четвергу четвер noun:gms:v_dav/v_mis/v_kly
четвергові четвер noun:gms:v_dav
четвергом четвер noun:gms:v_oru
четвере четвер noun:gms:v_kly
четверги четвер noun:gmp:v_naz/v_zna/v_kly
четвергах четвер noun:gmp:v_mis
четвергами четвер noun:gmp:v_oru
четвергів четвер noun:gmp:v_rod
четвергам четвер noun:gmp:v_dav

мати мати noun:anim:gfs:v_naz/v_kly
матір мати noun:anim:gfs:v_naz:rare
матері мати noun:anim:gfs:v_rod
матері мати noun:anim:gfs:v_dav
матір мати noun:anim:gfs:v_zna
матір'ю мати noun:anim:gfs:v_oru
матері мати noun:anim:gfs:v_mis
матері мати noun:anim:gfp:v_naz/v_kly
матерів мати noun:anim:gfp:v_rod
матерям мати noun:anim:gfp:v_dav
матерів мати noun:anim:gfp:v_zna
матерями мати noun:anim:gfp:v_oru
матерях мати noun:anim:gfp:v_mis

прамати прамати noun:anim:gfs:v_naz/v_kly
праматір прамати noun:anim:gfs:v_naz:rare
праматері прамати noun:anim:gfs:v_rod
праматері прамати noun:anim:gfs:v_dav
праматір прамати noun:anim:gfs:v_zna
праматір'ю прамати noun:anim:gfs:v_oru
праматері прамати noun:anim:gfs:v_mis
праматері прамати noun:anim:gfp:v_naz/v_kly
праматерів прамати noun:anim:gfp:v_rod
праматерям прамати noun:anim:gfp:v_dav
праматерів прамати noun:anim:gfp:v_zna
праматерями прамати noun:anim:gfp:v_oru
праматерях прамати noun:anim:gfp:v_mis

батько-мати батько-мати noun:anim:gxp:v_naz
батько-матір батько-мати noun:anim:gxp:v_naz
батька-матері батько-мати noun:anim:gxp:v_rod
батьку-матері батько-мати noun:anim:gxp:v_dav
батькові-матері батько-мати noun:anim:gxp:v_dav
батька-матір батько-мати noun:anim:gxp:v_zna
батьком-матір'ю батько-мати noun:anim:gxp:v_oru
батьку-матері батько-мати noun:anim:gxp:v_mis
батькові-матері батько-мати noun:anim:gxp:v_mis
батьку-мати батько-мати noun:anim:gxp:v_kly


біомати біомати noun:anim:gfs:v_naz/v_kly
біоматір біомати noun:anim:gfs:v_naz:rare
біоматері біомати noun:anim:gfs:v_rod
біоматері біомати noun:anim:gfs:v_dav
біоматір біомати noun:anim:gfs:v_zna
біоматір'ю біомати noun:anim:gfs:v_oru
біоматері біомати noun:anim:gfs:v_mis
біоматері біомати noun:anim:gfp:v_naz/v_kly
біоматерів біомати noun:anim:gfp:v_rod
біоматерям біомати noun:anim:gfp:v_dav
біоматерів біомати noun:anim:gfp:v_zna
біоматерями біомати noun:anim:gfp:v_oru
біоматерях біомати noun:anim:gfp:v_mis

чоботи чобіт noun:gmp:v_naz/v_zna/v_kly
чобіт чобіт noun:gmp:v_rod
чоботам чобіт noun:gmp:v_dav
чоботям чобіт noun:gmp:v_dav
чобітьми чобіт noun:gmp:v_oru
чоботами чобіт noun:gmp:v_oru
чоботах чобіт noun:gmp:v_mis
чоботях чобіт noun:gmp:v_mis

горщок горщок noun:gms:v_naz/v_zna/v_kly
горшка горщок noun:gms:v_rod
горшку горщок noun:gms:v_dav/v_mis
горшкові горщок noun:gms:v_dav
горшком горщок noun:gms:v_oru
горшки горщок noun:gmp:v_naz
горшків горщок noun:gmp:v_rod
горшкам горщок noun:gmp:v_dav
горшки горщок noun:gmp:v_zna
горшками горщок noun:gmp:v_oru
горшках горщок noun:gmp:v_mis
горшки горщок noun:gmp:v_kly

війя війя noun:gns:v_naz/v_rod/v_zna/v_kly
війю війя noun:gns:v_dav/v_mis
війям війя noun:gns:v_oru
війї війя noun:gns:v_mis

відом відом noun:gms:v_naz/v_zna/v_kly:rare
відома відом noun:gms:v_rod
відому відом noun:gms:v_dav:rare
відомом відом noun:gms:v_oru
відомі відом noun:gms:v_mis:rare

штаням штани noun:gxp:v_dav:ns
штаньми штани noun:gxp:v_oru:ns
штанями штани noun:gxp:v_oru:ns
штанях штани noun:gxp:v_mis:ns


нічия нічия noun:inanim:gfs:v_naz
нічиєї нічия noun:inanim:gfs:v_rod
нічиїй нічия noun:inanim:gfs:v_dav
нічию нічия noun:inanim:gfs:v_zna
нічиєю нічия noun:inanim:gfs:v_oru
нічиїй нічия noun:inanim:gfs:v_mis
нічия нічия noun:inanim:gfs:v_kly
нічиї нічия noun:inanim:gfp:v_naz
нічиїх нічия noun:inanim:gfp:v_rod
нічиїм нічия noun:inanim:gfp:v_dav
нічиї нічия noun:inanim:gfp:v_zna
нічиїми нічия noun:inanim:gfp:v_oru
нічиїх нічия noun:inanim:gfp:v_mis
нічиї нічия noun:inanim:gfp:v_kly


# нестандартні леми

# люди /np3.<
люди людина noun:anim:gfp:v_naz
людей людина noun:anim:gfp:v_rod
людям людина noun:anim:gfp:v_dav
людей людина noun:anim:gfp:v_zna
людьми людина noun:anim:gfp:v_oru
людях людина noun:anim:gfp:v_mis
люди людина noun:anim:gfp:v_kly

надлюди надлюдина noun:anim:gfp:v_naz
надлюдей надлюдина noun:anim:gfp:v_rod
надлюдям надлюдина noun:anim:gfp:v_dav
надлюдей надлюдина noun:anim:gfp:v_zna
надлюдьми надлюдина noun:anim:gfp:v_oru
надлюдях надлюдина noun:anim:gfp:v_mis
надлюди надлюдина noun:anim:gfp:v_kly

# боголюди /np3.<
боголюди боголюдина noun:anim:gfp:v_naz
боголюдей боголюдина noun:anim:gfp:v_rod
боголюдям боголюдина noun:anim:gfp:v_dav
боголюдей боголюдина noun:anim:gfp:v_zna
боголюдьми боголюдина noun:anim:gfp:v_oru
боголюдях боголюдина noun:anim:gfp:v_mis
боголюди боголюдина noun:anim:gfp:v_kly

чоловіки чоловік noun:anim:gmp:v_naz:xp2
чоловік чоловік noun:anim:gmp:v_rod:xp2
чоловікам чоловік noun:anim:gmp:v_dav:xp2
чоловік чоловік noun:anim:gmp:v_zna:xp2
чоловіками чоловік noun:anim:gmp:v_oru:xp2
чоловіках чоловік noun:anim:gmp:v_mis:xp2
чоловіки чоловік noun:anim:gmp:v_kly:xp2

хазяї хазяїн noun:anim:gmp:v_naz:ns
хазяїв хазяїн noun:anim:gmp:v_rod:ns
хазяям хазяїн noun:anim:gmp:v_dav:ns
хазяїв хазяїн noun:anim:gmp:v_zna:ns
хазяями хазяїн noun:anim:gmp:v_oru:ns
хазяях хазяїн noun:anim:gmp:v_mis:ns
хазяї хазяїн noun:anim:gmp:v_kly:ns

# діти /np3.<
діти дитина noun:anim:gfp:v_naz
дітей дитина noun:anim:gfp:v_rod
дітям дитина noun:anim:gfp:v_dav
дітей дитина noun:anim:gfp:v_zna
дітьми дитина noun:anim:gfp:v_oru
дітях дитина noun:anim:gfp:v_mis
діти дитина noun:anim:gfp:v_kly


дівчата дівчина noun:anim:gfp:v_naz
дівчат дівчина noun:anim:gfp:v_rod
дівчатам дівчина noun:anim:gfp:v_dav
дівчат дівчина noun:anim:gfp:v_zna
дівчатами дівчина noun:anim:gfp:v_oru
дівчатах дівчина noun:anim:gfp:v_mis
дівчата дівчина noun:anim:gfp:v_kly


кабельтови кабельтов noun:inanim:gmp:v_naz/v_zna
кабельтових кабельтов noun:inanim:gmp:v_rod
кабельтовим кабельтов noun:inanim:gmp:v_dav
кабельтовими кабельтов noun:inanim:gmp:v_oru
кабельтових кабельтов noun:inanim:gmp:v_mis
кабельтови кабельтов noun:inanim:gmp:v_kly


гони гони noun:inanim:gxp:v_naz:ns:xp2        # міра довжини
гін гони noun:inanim:gxp:v_rod:ns:xp2
гонам гони noun:inanim:gxp:v_dav:ns:xp2
гони гони noun:inanim:gxp:v_zna:ns:xp2
гонами гони noun:inanim:gxp:v_oru:ns:xp2
гонах гони noun:inanim:gxp:v_mis:ns:xp2
гони гони noun:inanim:gxp:v_kly:ns:xp2


брат-і-сестра брат-і-сестра noun:gfs:v_naz
брата-і-сестри брат-і-сестра noun:gfs:v_rod
брату-і-сестрі брат-і-сестра noun:gfs:v_dav
братові-і-сестрі брат-і-сестра noun:gfs:v_dav/v_mis
брата-і-сестру брат-і-сестра noun:gfs:v_zna
братом-і-сестрою брат-і-сестра noun:gfs:v_oru
браті-і-сестрі брат-і-сестра noun:gfs:v_mis
брате-і-сестро брат-і-сестра noun:gfs:v_kly



# додаткові форми

болиш боліти verb:imperf:pres:g2s:xp2

постелею постіль noun:inanim:gfs:v_oru
серць серце noun:gnp:v_rod

людини людина noun:gfp:v_naz/v_zna:anim
боголюдини боголюдина noun:gfp:v_naz/v_zna:anim
дитини дитина noun:gfp:v_naz/v_zna:anim

хліба хліб noun:gmp:v_naz/v_zna			# хліба́

тат тато noun:anim:gmp:v_rod

раз раз noun:inanim:gmp:v_rod
корогов корогва noun:gfs:v_naz/v_zna

сосон сосна noun:gfp:v_rod
дровець дрівця noun:gxp:v_rod:ns
плахіт плахта noun:gfp:v_rod
плахот плахта noun:gfp:v_rod

автосанями автосани noun:inanim:gxp:v_oru:ns
аеросанями аеросани noun:inanim:gxp:v_oru:ns
мотосанями мотосани noun:inanim:gxp:v_oru:ns
санями сани noun:inanim:gxp:v_oru:ns
ворітьми ворота noun:gxp:v_oru:ns
вошима воша noun:gfp:v_oru:anim
грошима гроші noun:gxp:v_oru:ns
грішми гроші noun:gxp:v_oru:ns
колісьми колесо noun:gnp:v_oru
квазігрошима квазігроші noun:gxp:v_oru:ns
квазігрішми квазігроші noun:gxp:v_oru:ns
крильми крило noun:gnp:v_oru
слізьми сльоза noun:gfp:v_oru
коліньми коліно noun:gnp:v_oru
кістьми кість noun:gfp:v_oru
гістьми гість noun:gmp:v_oru:anim
свиньми свиня noun:gfp:v_oru:anim

уші вухо noun:gnp:v_naz/v_zna
ушей вухо noun:gnp:v_rod
ушам вухо noun:gnp:v_dav
ушима вухо noun:gnp:v_oru
ушах вухо noun:gnp:v_mis

стіп стопа noun:gfp:v_rod:xp1

воротям ворота noun:gxp:v_dav:ns
воротях ворота noun:gxp:v_mis:ns

зморщок зморшка noun:gfp:v_rod

панове пан noun:gmp:v_kly:anim

чудеса чудо noun:gnp:v_naz/v_zna:xp2
чудес чудо noun:gnp:v_rod:xp2
чудесам чудо noun:gnp:v_dav:xp2
чудесами чудо noun:gnp:v_oru:xp2
чудесах чудо noun:gnp:v_mis:xp2

# давні форми
бельмеса бельмеса noun:gms:v_rod
язицех язик noun:gmp:v_mis

давніх-давен давніх-давен noun:gxp:v_rod:ns

Руси Русь noun:gfs:v_rod:prop:alt
роб роб noun:gms:v_naz/v_zna
робом роб noun:gms:v_oru

кінця-краю кінця-краю noun:gms:v_rod
предку-віку предку-віку noun:gms:v_zna

галай-балай галай-балай noun:gms:v_naz/v_zna
усюди /np2 /np1

ван ван part:pers
дель дель part:pers
фон фон part:pers
бен бен part:pers

Ростов-на-Дону Ростов-на-Дону noun:gms:v_naz:prop
Ростова-на-Дону Ростов-на-Дону noun:gms:v_rod:prop
Ростову-на-Дону Ростов-на-Дону noun:gms:v_dav:prop
Ростов-на-Дону Ростов-на-Дону noun:gms:v_zna:prop
Ростовом-на-Дону Ростов-на-Дону noun:gms:v_oru:prop
Ростові-на-Дону Ростов-на-Дону noun:gms:v_mis:prop
Ростову-на-Дону Ростов-на-Дону noun:gms:v_mis:prop
Ростове-на-Дону Ростов-на-Дону noun:gms:v_kly:prop

Франкфурт-на-Майні Франкфурт-на-Майні noun:gms:v_naz:prop
Франкфурта-на-Майні Франкфурт-на-Майні noun:gms:v_rod:prop
Франкфурту-на-Майні Франкфурт-на-Майні noun:gms:v_dav:prop
Франкфурт-на-Майні Франкфурт-на-Майні noun:gms:v_zna:prop
Франкфуртом-на-Майні Франкфурт-на-Майні noun:gms:v_oru:prop
Франкфурті-на-Майні Франкфурт-на-Майні noun:gms:v_mis:prop
Франкфурту-на-Майні Франкфурт-на-Майні noun:gms:v_mis:prop
Франкфурте-на-Майні Франкфурт-на-Майні noun:gms:v_kly:prop



#
# Дієслова
#
# !verb

бути бути verb:inf:imperf
буду бути verb:futr:g1s:imperf
будеш бути verb:futr:g2s:imperf
буде бути verb:futr:g3s:imperf
будемо бути verb:futr:g1p:imperf
будем бути verb:futr:g1p:imperf
будете бути verb:futr:g2p:imperf
будуть бути verb:futr:g3p:imperf
є бути verb:pres:g1p/g2p/g3p:imperf
є бути verb:pres:g1s/g2s/g3s:imperf
єсть бути verb:pres:g1p/g2p/g3p:imperf:&predic:rare
єсть бути verb:pres:g1s/g2s/g3s:imperf:&predic:rare
єси бути verb:pres:g2s:imperf:rare
суть бути verb:pres:g3p:imperf:rare
був бути verb:past:gms:imperf
була бути verb:past:gfs:imperf
було бути verb:past:gns:imperf:&insert
були бути verb:past:gop:imperf
будь бути verb:impr:g2s:imperf
будьмо бути verb:impr:g2p:imperf
будьте бути verb:impr:g3p:imperf
бувши бути advp:imperf

бува бувати verb:imperf:pres:g3s:&insert:coll

пробути пробути verb:inf:perf
пробуду пробути verb:futr:g1s:perf
пробудеш пробути verb:futr:g2s:perf
пробуде пробути verb:futr:g3s:perf
пробудемо пробути verb:futr:g1p:perf
пробудем пробути verb:futr:g1p:perf
пробудете пробути verb:futr:g2p:perf
пробудуть пробути verb:futr:g3p:perf
пробув пробути verb:past:gms:perf
пробула пробути verb:past:gfs:perf
пробуло пробути verb:past:gns:perf
пробули пробути verb:past:gop:perf
пробудь пробути verb:impr:g2s:perf
пробудьмо пробути verb:impr:g2p:perf
пробудьте пробути verb:impr:g3p:perf
пробувши пробути advp:perf

боронь боронити verb:impr:g2s:imperf:coll

# паралельна: кляну - клену
кленім клясти verb:impr:g1p:imperf:rare
кленімо клясти verb:impr:g1p:imperf:rare
кленіть клясти verb:impr:g2p:imperf:rare
клену клясти verb:pres:g1s:imperf:rare
кленеш клясти verb:pres:g2s:imperf:rare
клене клясти verb:pres:g3s:imperf:rare
кленем клясти verb:pres:g1p:imperf:rare
кленемо клясти verb:pres:g1p:imperf:rare
кленете клясти verb:pres:g2p:imperf:rare
кленуть клясти verb:pres:g3p:imperf:rare
кленучи клясти advp:imperf


хтітися хтітися verb:rev:imperf:inf
хтітись хтітися verb:rev:imperf:inf
хочеться хтітися verb:rev:imperf:pres:g3s
хтітиметься хтітися verb:rev:imperf:futr:g3s
хтілось хтітися verb:rev:imperf:past:gns
хтілося хтітися verb:rev:imperf:past:gns

хтівши хтівши advp:imperf

хтіти хтіти verb:imperf:inf
хоти хтіти verb:imperf:impr:g2s
хотім хтіти verb:imperf:impr:g1p
хотімо хтіти verb:imperf:impr:g1p
хотіть хтіти verb:imperf:impr:g2p
хочу хтіти verb:imperf:pres:g1s
хочеш хтіти verb:imperf:pres:g2s
хоче хтіти verb:imperf:pres:g3s
хочем хтіти verb:imperf:pres:g1p
хочемо хтіти verb:imperf:pres:g1p
хочете хтіти verb:imperf:pres:g2p
хочуть хтіти verb:imperf:pres:g3p
хтітиму хтіти verb:imperf:futr:g1s
хтітимеш хтіти verb:imperf:futr:g2s
хтітиме хтіти verb:imperf:futr:g3s
хтітимем хтіти verb:imperf:futr:g1p
хтітимемо хтіти verb:imperf:futr:g1p
хтітимете хтіти verb:imperf:futr:g2p
хтітимуть хтіти verb:imperf:futr:g3p
хтів хтіти verb:imperf:past:gms
хтіла хтіти verb:imperf:past:gfs
хтіло хтіти verb:imperf:past:gns
хтіли хтіти verb:imperf:past:gop


# наказна фома є зайвою - не має сенсу значно ускладнювати правила???
могти могти verb:inf:imperf             # rv_inf
можу могти verb:pres:g1s:imperf
можеш могти verb:pres:g2s:imperf
може могти verb:pres:g3s:imperf:&insert
можем могти verb:pres:g1p:imperf:subst
можемо могти verb:pres:g1p:imperf
можете могти verb:pres:g2p:imperf
можуть могти verb:pres:g3p:imperf
міг могти verb:past:gms:imperf
могла могти verb:past:gfs:imperf
могло могти verb:past:gns:imperf
могли могти verb:past:gop:imperf
могтиму могти verb:imperf:futr:g1s
могтимеш могти verb:imperf:futr:g2s
могтиме могти verb:imperf:futr:g3s
могтимем могти verb:imperf:futr:g1p
могтимемо могти verb:imperf:futr:g1p
могтимете могти verb:imperf:futr:g2p
могтимуть могти verb:imperf:futr:g3p
можучи могти advp:imperf
мігши могти advp:imperf

# лише наказова
щасти щастити verb:imperf:impr:g2s

ввити ввити verb:inf:perf
ввий ввити verb:impr:g2s:perf
ввиймо ввити verb:impr:g1p:perf
ввийте ввити verb:impr:g2p:perf
ввию ввити verb:futr:g1s:perf
ув'ю ввити verb:futr:g1s:perf
ув'єш ввити verb:futr:g2s:perf
ув'є ввити verb:futr:g3s:perf
ув'єм ввити verb:futr:g1p:perf
ув'ємо ввити verb:futr:g1p:perf
ув'єте ввити verb:futr:g2p:perf
ув'ють ввити verb:futr:g3p:perf
ввив ввити verb:past:gms:perf
ввила ввити verb:past:gfs:perf
ввило ввити verb:past:gns:perf
ввили ввити verb:past:gop:perf
ввивши ввити advp:perf
ввито ввити verb:impers:perf

ввитися ввитися verb:rev:inf:perf
ввитись ввитися verb:rev:inf:perf
ввийсь ввитися verb:rev:impr:g2s:perf
ввийся ввитися verb:rev:impr:g2s:perf
ввиймось ввитися verb:rev:impr:g1p:perf
ввиймося ввитися verb:rev:impr:g1p:perf
ввийтесь ввитися verb:rev:impr:g2p:perf
ввийтеся ввитися verb:rev:impr:g2p:perf
ув'юся ввитися verb:rev:futr:g1s:perf
ув'юсь ввитися verb:rev:futr:g1s:perf
ув'єшся ввитися verb:rev:futr:g2s:perf
ув'ється ввитися verb:rev:futr:g3s:perf
ув'ємся ввитися verb:rev:futr:g1p:perf
ув'ємося ввитися verb:rev:futr:g1p:perf
ув'ємось ввитися verb:rev:futr:g1p:perf
ув'єтеся ввитися verb:rev:futr:g2p:perf
ув'єтесь ввитися verb:rev:futr:g2p:perf
ув'ються ввитися verb:rev:futr:g3p:perf
ввивсь ввитися verb:rev:past:gms:perf
ввився ввитися verb:rev:past:gms:perf
ввилась ввитися verb:rev:past:gfs:perf
ввилася ввитися verb:rev:past:gfs:perf
ввилось ввитися verb:rev:past:gns:perf
ввилося ввитися verb:rev:past:gns:perf
ввились ввитися verb:rev:past:gop:perf
ввилися ввитися verb:rev:past:gop:perf
ввившись ввитися advp:rev:perf

в'ючи вити advp:imperf

в'ючись витися advp:rev:imperf

велено веліти verb:imperf:impers
проклято проклясти verb:perf:impers
розіп'ято розіп'ясти verb:perf:impers


властен властен adj:gms:v_naz/v_zn2:short         # rv_inf
властного властен adj:gms:v_rod
властному властен adj:gms:v_dav
властного властен adj:gms:v_zna:ranim
властний властен adj:gms:v_zna:rinanim
властним властен adj:gms:v_oru
властнім властен adj:gms:v_mis
властному властен adj:gms:v_mis
властний властен adj:gms:v_kly
властна властен adj:gfs:v_naz
властної властен adj:gfs:v_rod
властній властен adj:gfs:v_dav
властну властен adj:gfs:v_zna
властною властен adj:gfs:v_oru
властній властен adj:gfs:v_mis
властна властен adj:gfs:v_kly
властне властен adj:gns:v_naz
властного властен adj:gns:v_rod
властному властен adj:gns:v_dav
властне властен adj:gns:v_zna
властним властен adj:gns:v_oru
властнім властен adj:gns:v_mis
властному властен adj:gns:v_mis
властне властен adj:gns:v_kly
властні властен adj:gop:v_naz
властних властен adj:gop:v_rod
властним властен adj:gop:v_dav
властних властен adj:gop:v_zna:ranim
властні властен adj:gop:v_zna:rinanim
властними властен adj:gop:v_oru
властних властен adj:gop:v_mis
властні властен adj:gop:v_kly


# короткі прикметники
безвинен безвинний adj:gms:v_naz/v_zn2:short
благословен благословенний adj:gms:v_naz/v_zn2:short
блажен блаженний adj:gms:v_naz/v_zn2:short
варт вартий adj:gms:v_naz:short:&predic
варт вартий adj:gms:v_zn2:short
винен винний adj:gms:v_naz/v_zn2:short
вістен вістний adj:gms:v_naz/v_zn2:short:rare
годен годний adj:gms:v_naz/v_zn2:short:coll
дивен дивний adj:gms:v_naz/v_zn2:short
достоїн достойний adj:gms:v_naz/v_zn2:short
дрібен дрібний adj:gms:v_naz/v_zn2:short
єхиден єхидний adj:gms:v_naz/v_zn2:short
жаден жадний adj:gms:v_naz/v_zn2:short:rare:&pron:neg
жив живий adj:gms:v_naz/v_zn2:short
жоден жодний adj:gms:v_naz/v_zn2:short:&pron:neg
звістен звісний adj:gms:v_naz/v_zn2:short
згоден згодний adj:gms:v_naz/v_zn2:short
здатен здатний adj:gms:v_naz/v_zn2:short
здоров здоровий adj:gms:v_naz/v_zn2:short
зелен зелений adj:gms:v_naz/v_zn2:short
золот золотий adj:gms:v_naz/v_zn2:short
кожен кожний adj:gms:v_naz/v_zn2:short:&pron:gen
кожен кожний noun:anim:gms:v_naz:short:&pron:gen
кожен кожний noun:inanim:gms:v_naz/v_zna:short:&pron:gen
красен красний adj:gms:v_naz/v_zn2:short
ладен ладний adj:gms:v_naz/v_zn2:short
молод молодий adj:gms:v_naz/v_zn2:short
невинен невинний adj:gms:v_naz/v_zn2:short
негоден негідний adj:gms:v_naz:short:&predic
негоден негідний adj:gms:v_zn2:short
незгоден незгодний adj:gms:v_naz/v_zn2:short
неладен неладний adj:gms:v_naz/v_zn2:short
немощен немощний adj:gms:v_naz/v_zn2:short
ненавиден ненавидний adj:gms:v_naz/v_zn2:short
ненавистен ненависний adj:gms:v_naz/v_zn2:short
певен певний adj:gms:v_naz/v_zn2:short
повен повний adj:gms:v_naz/v_zn2:short
повинен повинний adj:gms:v_naz/v_zn2:short
потрібен потрібний adj:gms:v_naz/v_zn2:short
прекрасен прекрасний adj:gms:v_naz/v_zn2:short
привинен привинний adj:gms:v_naz/v_zn2:short
провинен провинний adj:gms:v_naz/v_zn2:short
рад радий adj:gms:v_naz/v_zn2:short
рівен рівний adj:gms:v_naz/v_zn2:short
самітен самітний adj:gms:v_naz/v_zn2:short
свят святий adj:gms:v_naz/v_zn2:short
силен сильний adj:gms:v_naz/v_zn2:short
славен славний adj:gms:v_naz/v_zn2:short
смутен смутний adj:gms:v_naz/v_zn2:short
срібен срібний adj:gms:v_naz/v_zn2:short
чорен чорний adj:gms:v_naz/v_zn2:short
ясен ясний adj:gms:v_naz/v_zn2:short

# дієприслівники

біжачи бігти advp:imperf
боячись боятися advp:rev:imperf
бредучи брести advp:imperf
ведучи вести advp:imperf
гувши густи advp:imperf
діявшись діятися advp:perf
дмучи дути advp:imperf
ждучи ждати advp:imperf
женучись гнатися advp:rev:imperf
женучи гнати advp:imperf
жнучи жати advp:imperf
зболівши зболіти advp:perf
зовучи звати adv:imperf
зовучись зватися adv:imperf
ідучи іти advp:imperf
їдучи їхати advp:imperf
йдучи йти advp:imperf
ймучи йняти advp:imperf
кладучи класти advp:imperf
крадучись крастися advp:rev:imperf
крадучи красти advp:imperf
мелючись молотися advp:rev:imperf
мелючи молоти advp:imperf
мінячись мінятися advp:imperf
мнучись мнутися advp:rev:imperf
мнучи мнути advp:imperf
несучи нести advp:imperf
ржучи ржати advp:imperf
ссучи ссати advp:imperf
стогнучи стогнати advp:imperf
