# Іменникові займенники
я я noun:anim:g1s:v_naz:&pron:pers
мене я noun:anim:g1s:v_rod/v_zna:&pron:pers
мені я noun:anim:g1s:v_dav/v_mis:&pron:pers
мною я noun:anim:g1s:v_oru:&pron:pers

ти ти noun:anim:g2s:v_naz/v_kly:&pron:pers
тебе ти noun:anim:g2s:v_rod/v_zna:&pron:pers
тобі ти noun:anim:g2s:v_dav/v_mis:&pron:pers
тобою ти noun:anim:g2s:v_oru:&pron:pers

він він noun:gms:v_naz:&pron:pers:g3s
його він noun:gms:v_rod/v_zna:&pron:pers:g3s
нього він noun:gms:v_rod/v_zna:&pron:pers:g3s
йому він noun:gms:v_dav:&pron:pers:g3s
ньому він noun:gms:v_mis:&pron:pers:g3s
ним він noun:gms:v_oru:&pron:pers:g3s
нім він noun:gms:v_mis:&pron:pers:g3s

вона вона noun:gfs:v_naz:&pron:pers:g3s
її вона noun:gfs:v_rod/v_zna:&pron:pers:g3s
неї вона noun:gfs:v_rod/v_zna:&pron:pers:g3s
їй вона noun:gfs:v_dav:&pron:pers:g3s
нею вона noun:gfs:v_oru:&pron:pers:g3s
ній вона noun:gfs:v_mis:&pron:pers:g3s

воно воно noun:gns:v_naz:&pron:pers:g3s
його воно noun:gns:v_rod/v_zna:&pron:pers:g3s
нього воно noun:gns:v_rod/v_zna:&pron:pers:g3s
йому воно noun:gns:v_dav:&pron:pers:g3s
ньому воно noun:gns:v_mis:&pron:pers:g3s
ним воно noun:gns:v_oru:&pron:pers:g3s

вони вони noun:g3p:v_naz:&pron:pers
їх вони noun:g3p:v_rod/v_zna:&pron:pers
них вони noun:g3p:v_rod/v_zna/v_mis:&pron:pers
їм вони noun:g3p:v_dav:&pron:pers
ними вони noun:g3p:v_oru:&pron:pers

ми ми noun:anim:g1p:v_naz:&pron:pers
нас ми noun:anim:g1p:v_rod/v_zna/v_mis:&pron:pers
нам ми noun:anim:g1p:v_dav:&pron:pers
нами ми noun:anim:g1p:v_oru:&pron:pers

ви ви noun:anim:g2p:v_naz/v_kly:&pron:pers
вас ви noun:anim:g2p:v_rod/v_zna/v_mis:&pron:pers
вам ви noun:anim:g2p:v_dav:&pron:pers
вами ви noun:anim:g2p:v_oru:&pron:pers

хто хто conj:subord
хто хто noun:anim:gms:v_naz:&pron:int:rel
кого хто noun:anim:gms:v_rod/v_zna:&pron:int:rel
кому хто noun:anim:gms:v_dav/v_mis:&pron:int:rel
ким хто noun:anim:gms:v_oru:&pron:int:rel
кім хто noun:anim:gms:v_mis:&pron:int:rel

що що conj:subord
що що noun:inanim:gns:v_naz/v_zna:&pron:int:rel
віщо що noun:inanim:gns:v_zna:&pron:int:rel
чого що noun:inanim:gns:v_rod:&pron:int:rel
чому що noun:inanim:gns:v_dav/v_mis:&pron:int:rel
чим що noun:inanim:gns:v_oru:&pron:int:rel
чім що noun:inanim:gns:v_mis:&pron:int:rel

абихто абихто noun:anim:gms:v_naz:&pron:ind
абикого абихто noun:anim:gms:v_rod/v_zna:&pron:ind
абикому абихто noun:anim:gms:v_dav/v_mis:&pron:ind
абиким абихто noun:anim:gms:v_oru:&pron:ind
абикім абихто noun:anim:gms:v_mis:&pron:ind

абищо абищо noun:inanim:gns:v_naz/v_zna:&pron:ind
абичого абищо noun:inanim:gns:v_rod:&pron:ind
абичому абищо noun:inanim:gns:v_dav/v_mis:&pron:ind
абичим абищо noun:inanim:gns:v_oru:&pron:ind
абичім абищо noun:inanim:gns:v_mis:&pron:ind

аніхто аніхто noun:anim:gms:v_naz:&pron:neg
анікого аніхто noun:anim:gms:v_rod/v_zna:&pron:neg
анікому аніхто noun:anim:gms:v_dav/v_mis:&pron:neg
аніким аніхто noun:anim:gms:v_oru:&pron:neg
анікім аніхто noun:anim:gms:v_mis:&pron:neg

аніщо аніщо noun:inanim:gns:v_naz/v_zna:&pron:neg
анічого аніщо noun:inanim:gns:v_rod/v_zna:&pron:neg
анічому аніщо noun:inanim:gns:v_dav/v_mis:&pron:neg
анічим аніщо noun:inanim:gns:v_oru:&pron:neg
анічім аніщо noun:inanim:gns:v_mis:&pron:neg

небагато-хто небагато-хто noun:anim:gms:v_naz:&pron:ind
небагато-кого небагато-хто noun:anim:gms:v_rod/v_zna:&pron:ind
небагато-кому небагато-хто noun:anim:gms:v_dav/v_mis:&pron:ind
небагато-ким небагато-хто noun:anim:gms:v_oru:&pron:ind
небагато-кім небагато-хто noun:anim:gms:v_mis:&pron:ind

невість-хто невість-хто noun:anim:gms:v_naz:&pron:ind
невість-кого невість-хто noun:anim:gms:v_rod/v_zna:&pron:ind
невість-кому невість-хто noun:anim:gms:v_dav/v_mis:&pron:ind
невість-ким невість-хто noun:anim:gms:v_oru:&pron:ind
невість-кім невість-хто noun:anim:gms:v_mis:&pron:ind

невіть-хто невіть-хто noun:anim:gms:v_naz:&pron:ind
невіть-кого невіть-хто noun:anim:gms:v_rod/v_zna:&pron:ind
невіть-кому невіть-хто noun:anim:gms:v_dav/v_mis:&pron:ind
невіть-ким невіть-хто noun:anim:gms:v_oru:&pron:ind
невіть-кім невіть-хто noun:anim:gms:v_mis:&pron:ind

будь-хто будь-хто noun:anim:gms:v_naz:&pron:ind
будь-кого будь-хто noun:anim:gms:v_rod/v_zna:&pron:ind
будь-кому будь-хто noun:anim:gms:v_dav/v_mis:&pron:ind
будь-ким будь-хто noun:anim:gms:v_oru:&pron:ind
будь-кім будь-хто noun:anim:gms:v_mis:&pron:ind

будь-що будь-що adv:&pron:ind
будь-що будь-що noun:inanim:gns:v_naz/v_zna:&pron:ind
будь-чого будь-що noun:inanim:gns:v_rod:&pron:ind
будь-чому будь-що noun:inanim:gns:v_dav/v_mis:&pron:ind
будь-чим будь-що noun:inanim:gns:v_oru:&pron:ind
будь-чім будь-що noun:inanim:gns:v_mis:&pron:ind

будлі-хто будлі-хто noun:anim:gms:v_naz:&pron:ind:rare
будлі-кого будлі-хто noun:anim:gms:v_rod/v_zna:&pron:ind:rare
будлі-кому будлі-хто noun:anim:gms:v_dav/v_mis:&pron:ind:rare
будлі-ким будлі-хто noun:anim:gms:v_oru:&pron:ind:rare
будлі-кім будлі-хто noun:anim:gms:v_mis:&pron:ind:rare

будлі-що будлі-що adv:&pron:ind:rare
будлі-що будлі-що noun:inanim:gns:v_naz/v_zna:&pron:ind:rare
будлі-чого будлі-що noun:inanim:gns:v_rod:&pron:ind:rare
будлі-чому будлі-що noun:inanim:gns:v_dav/v_mis:&pron:ind:rare
будлі-чим будлі-що noun:inanim:gns:v_oru:&pron:ind:rare
будлі-чім будлі-що noun:inanim:gns:v_mis:&pron:ind:rare

бозна-хто бозна-хто noun:anim:gms:v_naz:&pron:ind
бозна-кого бозна-хто noun:anim:gms:v_rod/v_zna:&pron:ind
бозна-кому бозна-хто noun:anim:gms:v_dav/v_mis:&pron:ind
бозна-ким бозна-хто noun:anim:gms:v_oru:&pron:ind
бозна-кім бозна-хто noun:anim:gms:v_mis:&pron:ind

бозна-що бозна-що noun:inanim:gns:v_naz/v_zna:&pron:ind
бозна-чого бозна-що noun:inanim:gns:v_rod:&pron:ind
бозна-чому бозна-що noun:inanim:gns:v_dav/v_mis:&pron:ind
бозна-чим бозна-що noun:inanim:gns:v_oru:&pron:ind
бозна-чім бозна-що noun:inanim:gns:v_mis:&pron:ind

чортзна-хто чортзна-хто noun:anim:gms:v_naz:&pron:ind:coll
чортзна-кого чортзна-хто noun:anim:gms:v_rod/v_zna:&pron:ind:coll
чортзна-кому чортзна-хто noun:anim:gms:v_dav/v_mis:&pron:ind:coll
чортзна-ким чортзна-хто noun:anim:gms:v_oru:&pron:ind:coll
чортзна-кім чортзна-хто noun:anim:gms:v_mis:&pron:ind:coll

чортзна-що чортзна-що noun:inanim:gns:v_naz/v_zna:&pron:ind:coll
чортзна-чого чортзна-що noun:inanim:gns:v_rod:&pron:ind:coll
чортзна-чому чортзна-що noun:inanim:gns:v_dav/v_mis:&pron:ind:coll
чортзна-чим чортзна-що noun:inanim:gns:v_oru:&pron:ind:coll
чортзна-чім чортзна-що noun:inanim:gns:v_mis:&pron:ind:coll

хтозна-що хтозна-що noun:inanim:gns:v_naz/v_zna:&pron:ind:coll
хтозна-чого хтозна-що noun:inanim:gns:v_rod:&pron:ind:coll
хтозна-чому хтозна-що noun:inanim:gns:v_dav/v_mis:&pron:ind:coll
хтозна-чим хтозна-що noun:inanim:gns:v_oru:&pron:ind:coll
хтозна-чім хтозна-що noun:inanim:gns:v_mis:&pron:ind:coll

хтозна-хто хтозна-хто noun:anim:gms:v_naz:&pron:ind:coll
хтозна-кого хтозна-хто noun:anim:gms:v_rod/v_zna:&pron:ind:coll
хтозна-кому хтозна-хто noun:anim:gms:v_dav/v_mis:&pron:ind:coll
хтозна-ким хтозна-хто noun:anim:gms:v_oru:&pron:ind:coll
хтозна-кім хтозна-хто noun:anim:gms:v_mis:&pron:ind:coll

невідь-що невідь-що noun:inanim:gns:v_naz/v_zna:&pron:ind
невідь-чого невідь-що noun:inanim:gns:v_rod:&pron:ind
невідь-чому невідь-що noun:inanim:gns:v_dav/v_mis:&pron:ind
невідь-чим невідь-що noun:inanim:gns:v_oru:&pron:ind
невідь-чім невідь-що noun:inanim:gns:v_mis:&pron:ind

невідь-хто невідь-хто noun:anim:gms:v_naz:&pron:ind
невідь-кого невідь-хто noun:anim:gms:v_rod/v_zna:&pron:ind
невідь-кому невідь-хто noun:anim:gms:v_dav/v_mis:&pron:ind
невідь-ким невідь-хто noun:anim:gms:v_oru:&pron:ind
невідь-кім невідь-хто noun:anim:gms:v_mis:&pron:ind

казна-що казна-що noun:inanim:gns:v_naz/v_zna:&pron:ind:coll
казна-чого казна-що noun:inanim:gns:v_rod:&pron:ind:coll
казна-чому казна-що noun:inanim:gns:v_dav/v_mis:&pron:ind:coll
казна-чим казна-що noun:inanim:gns:v_oru:&pron:ind:coll
казна-чім казна-що noun:inanim:gns:v_mis:&pron:ind:coll

казна-хто казна-хто noun:anim:gms:v_naz:&pron:ind:coll
казна-кого казна-хто noun:anim:gms:v_rod/v_zna:&pron:ind:coll
казна-кому казна-хто noun:anim:gms:v_dav/v_mis:&pron:ind:coll
казна-ким казна-хто noun:anim:gms:v_oru:&pron:ind:coll
казна-кім казна-хто noun:anim:gms:v_mis:&pron:ind:coll

хтось хтось noun:anim:gms:v_naz:&pron:ind
когось хтось noun:anim:gms:v_rod/v_zna:&pron:ind
комусь хтось noun:anim:gms:v_dav/v_mis:&pron:ind
кимось хтось noun:anim:gms:v_oru:&pron:ind
кимсь хтось noun:anim:gms:v_oru:&pron:ind
кімсь хтось noun:anim:gms:v_mis:&pron:ind
кімось хтось noun:anim:gms:v_mis:&pron:ind

щось щось noun:inanim:gns:v_naz/v_zna:&pron:ind
чогось щось noun:inanim:gns:v_rod/v_zna:&pron:ind
віщось щось noun:inanim:gns:v_zna:&pron:ind
чомусь щось noun:inanim:gns:v_dav/v_mis:&pron:ind
чимось щось noun:inanim:gns:v_oru:&pron:ind
чимсь щось noun:inanim:gns:v_oru:&pron:ind
чімсь щось noun:inanim:gns:v_mis:&pron:ind
чімось щось noun:inanim:gns:v_mis:&pron:ind

неабищо неабищо noun:inanim:gns:v_naz:&pron:neg
неабичого неабищо noun:inanim:gns:v_rod/v_zna:&pron:neg
неабичому неабищо noun:inanim:gns:v_dav/v_mis:&pron:neg
неабичим неабищо noun:inanim:gns:v_oru:&pron:neg
неабичім неабищо noun:inanim:gns:v_mis:&pron:neg

хто-небудь хто-небудь noun:anim:gms:v_naz:&pron:ind
кого-небудь хто-небудь noun:anim:gms:v_rod/v_zna:&pron:ind
кому-небудь хто-небудь noun:anim:gms:v_dav/v_mis:&pron:ind
ким-небудь хто-небудь noun:anim:gms:v_oru:&pron:ind
кім-небудь хто-небудь noun:anim:gms:v_mis:&pron:ind

що-небудь що-небудь noun:inanim:gns:v_naz/v_zna:&pron:ind
чого-небудь що-небудь noun:inanim:gns:v_rod/v_zna:&pron:ind
віщо-небудь що-небудь noun:inanim:gns:v_zna:&pron:ind
чому-небудь що-небудь noun:inanim:gns:v_dav/v_mis:&pron:ind
чим-небудь що-небудь noun:inanim:gns:v_oru:&pron:ind
чім-небудь що-небудь noun:inanim:gns:v_mis:&pron:ind

ніхто ніхто noun:anim:gms:v_naz:&pron:neg
нікого ніхто noun:anim:gms:v_rod/v_zna:&pron:neg
нікому ніхто noun:anim:gms:v_dav/v_mis:&pron:neg
ніким ніхто noun:anim:gms:v_oru:&pron:neg
нікім ніхто noun:anim:gms:v_mis:&pron:neg

нічого нічого adv

нікого нікого noun:anim:gms:v_rod/v_zna:&pron:emph        # rv_inf   # ні́кого
нікому нікого noun:anim:gms:v_dav/v_mis:&pron:emph
ніким нікого noun:anim:gms:v_oru:&pron:emph

ніщо ніщо noun:inanim:gns:v_naz/v_zna:&pron:neg
нічого ніщо noun:inanim:gns:v_rod/v_zna:&pron:neg:&predic
нічому ніщо noun:inanim:gns:v_dav/v_mis:&pron:neg
нічим ніщо noun:inanim:gns:v_oru:&pron:neg
нічім ніщо noun:inanim:gns:v_mis:&pron:neg

нічого нічого noun:inanim:gns:v_rod/v_zna:&pron:emph:&predic      # rv_inf   # ні́чого
нічому нічого noun:inanim:gns:v_dav:&pron:emph
нічим нічого noun:inanim:gns:v_oru:&pron:emph

дехто дехто noun:anim:gms:v_naz:&pron:ind
декого дехто noun:anim:gms:v_rod/v_zna:&pron:ind
декому дехто noun:anim:gms:v_dav/v_mis:&pron:ind
деким дехто noun:anim:gms:v_oru:&pron:ind
декім дехто noun:anim:gms:v_mis:&pron:ind

дещо дещо adv:&pron:ind
дещо дещо noun:inanim:gns:v_naz/v_zna:&pron:ind
дечого дещо noun:inanim:gns:v_rod:&pron:ind
дечому дещо noun:inanim:gns:v_dav/v_mis:&pron:ind
дечим дещо noun:inanim:gns:v_oru:&pron:ind
дечім дещо noun:inanim:gns:v_mis:&pron:ind

нікогісінько нікогісінько noun:anim:gms:v_rod:&pron:neg
анікогісінько анікогісінько noun:anim:gms:v_rod:&pron:neg
нічогісінько нічогісінько noun:inanim:gns:v_rod:&pron:neg
анічогісінько анічогісінько noun:inanim:gns:v_rod:&pron:neg

себе себе noun:v_rod/v_zna:&pron:refl
собі себе noun:v_dav/v_mis:&pron:refl
собою себе noun:v_oru:&pron:refl


# Прикметникові займенники

# Присвійні займенники його, її є незмінними
його adj:m:nv//f:nv//n:nv:&pron:pos
її adj:m:nv//f:nv//n:nv:&pron:pos

сам /adj_pron :&pron:def
наш /adj_pron :&pron:pos
ваш /adj_pron :&pron:pos

наші /n2adj1.< :&pron:pos

цей /adj_pron :&pron:dem
оцей /adj_pron :&pron:dem

той /adj_pron :&pron:dem
позатой /adj_pron :&pron:dem
тамтой /adj_pron :&pron:dem
отой /adj_pron :&pron:dem

весь /adj_pron :&pron:gen
увесь /adj_pron :&pron:gen
ввесь /adj_pron :&pron:gen

все adv:v-u|conj:coord:v-u|part:v-u
усе adv:v-u|conj:coord:v-u|part:v-u

все все noun:inanim:gns:v_naz:&pron:gen:v-u
всього все noun:inanim:gns:v_rod:&pron:gen:v-u
всьому все noun:inanim:gns:v_dav:&pron:gen:v-u
все все noun:inanim:gns:v_zna:&pron:gen:v-u
всім все noun:inanim:gns:v_oru:&pron:gen:v-u
всім все noun:inanim:gns:v_mis:&pron:gen:v-u
всьому все noun:inanim:gns:v_mis:&pron:gen:v-u

усе усе noun:inanim:gns:v_naz:&pron:gen:v-u
усього усе noun:inanim:gns:v_rod:&pron:gen:v-u
усьому усе noun:inanim:gns:v_dav:&pron:gen:v-u
усе усе noun:inanim:gns:v_zna:&pron:gen:v-u
усім усе noun:inanim:gns:v_oru:&pron:gen:v-u
усім усе noun:inanim:gns:v_mis:&pron:gen:v-u
усьому усе noun:inanim:gns:v_mis:&pron:gen:v-u

всі всі noun:anim:gop:v_naz:&pron:gen:v-u
всіх всі noun:anim:gop:v_rod:&pron:gen:v-u
всім всі noun:anim:gop:v_dav:&pron:gen:v-u
всіх всі noun:anim:gop:v_zna:&pron:gen:v-u
всіма всі noun:anim:gop:v_oru:&pron:gen:v-u
всіх всі noun:anim:gop:v_mis:&pron:gen:v-u

усі усі noun:anim:gop:v_naz:&pron:gen:v-u
усіх усі noun:anim:gop:v_rod:&pron:gen:v-u
усім усі noun:anim:gop:v_dav:&pron:gen:v-u
усіх усі noun:anim:gop:v_zna:&pron:gen:v-u
усіма усі noun:anim:gop:v_oru:&pron:gen:v-u
усіх усі noun:anim:gop:v_mis:&pron:gen:v-u

це це noun:inanim:gns:v_naz:&pron:dem
цього це noun:inanim:gns:v_rod:&pron:dem
цьому це noun:inanim:gns:v_dav:&pron:dem
це це noun:inanim:gns:v_zna:&pron:dem
цим це noun:inanim:gns:v_oru:&pron:dem
цім це noun:inanim:gns:v_mis:&pron:dem
цьому це noun:inanim:gns:v_mis:&pron:dem

те те noun:inanim:gns:v_naz:&pron:dem
того те noun:inanim:gns:v_rod:&pron:dem
тому те noun:inanim:gns:v_dav:&pron:dem
те те noun:inanim:gns:v_zna:&pron:dem
тим те noun:inanim:gns:v_oru:&pron:dem
тім те noun:inanim:gns:v_mis:&pron:dem
тому те noun:inanim:gns:v_mis:&pron:dem

інше /n2adj1 :&pron:def
інший /adj :&pron:def
інший /n2adj1.f.p.< :xp1:&pron:def
інший /n2adj1.f.p :inanim:xp2:&pron:def
кожний /adj :&pron:gen
кожний /n2adj1.f.p.< :xp1:&pron:gen
кожний /n2adj1.f.p :inanim:xp2:&pron:gen


кудись adv:&pron:ind
звідкись adv:&pron:ind

абиде adv:&pron:ind
абиколи adv:&pron:ind
абикуди adv:&pron:ind

аніде adv:&pron:neg
анізащо adv:&pron:neg
аніколи adv:&pron:neg

ніде adv:&pron:emph     # rv_inf    # ні́де
ніде adv:&pron:neg                  # ніде́
нізвідкіля adv:&pron:emph
нізвідкіль adv:&pron:neg:coll
нізвідкіль adv:&pron:emph:coll

бозна-де adv:&pron:ind:coll
бозна-як adv:&pron:ind:coll
бозна-коли adv:&pron:ind:coll
бозна-куди adv:&pron:ind:coll
бозна-звідки adv:&pron:ind:coll

будь-де adv:&pron:ind
будь-як adv:&pron:ind
будь-коли adv:&pron:ind
будь-куди adv:&pron:ind
будь-звідки adv:&pron:ind

будлі-де adv:&pron:ind:rare
будлі-як adv:&pron:ind:rare
будлі-коли adv:&pron:ind:rare
будлі-куди adv:&pron:ind:rare
будлі-звідки adv:&pron:ind:rare

чортзна-де adv:&pron:ind:coll
чортзна-як adv:&pron:ind:coll
чортзна-коли adv:&pron:ind:coll
чортзна-куди adv:&pron:ind:coll
чортзна-звідки adv:&pron:ind:coll
чортзна-відкіля adv:&pron:ind:coll
чортзна-відкіль adv:&pron:ind:coll
чортзна-відколи adv:&pron:ind:coll

хтозна-де adv:&pron:ind:coll
хтозна-як adv:&pron:ind:coll
хтозна-коли adv:&pron:ind:coll
хтозна-куди adv:&pron:ind:coll
хтозна-звідки adv:&pron:ind:coll
хтозна-чому adv:&pron:ind:coll
хтозна-відкіля adv:&pron:ind:coll
хтозна-відкіль adv:&pron:ind:coll
хтозна-відколи adv:&pron:ind:coll

невідь-де adv:&pron:ind
невідь-як adv:&pron:ind
невідь-коли adv:&pron:ind
невідь-куди adv:&pron:ind
невідь-звідки adv:&pron:ind

казна-де adv:&pron:ind:coll
казна-як adv:&pron:ind:coll
казна-коли adv:&pron:ind:coll
казна-куди adv:&pron:ind:coll
казна-звідки adv:&pron:ind:coll

всяк adv:rare:v-u
усяк adv:rare:v-u

всяк всякий adj:gms:v_naz/v_zn2:short:&pron:gen:v-u
усяк усякий adj:gms:v_naz/v_zn2:short:&pron:gen:v-u

чомусь adv:&pron:ind

# числівникові займенники

небагато небагато numr:gop:v_naz/v_zna:&pron:ind
небагатьох небагато numr:gop:v_rod/v_zna/v_mis:&pron:ind
небагатьом небагато numr:gop:v_dav:&pron:ind
небагатьма небагато numr:gop:v_oru:&pron:ind

багато багато numr:gop:v_naz/v_zna:&pron:ind
багатьох багато numr:gop:v_rod/v_zna/v_mis:&pron:ind
багатьом багато numr:gop:v_dav:&pron:ind
багатьма багато numr:gop:v_oru:&pron:ind

декілька декілька numr:gop:v_naz/v_zna:&pron:ind
декількох декілька numr:gop:v_rod/v_zna/v_mis:&pron:ind
декільком декілька numr:gop:v_dav:&pron:ind
декількома декілька numr:gop:v_oru:&pron:ind

кілька кілька numr:gop:v_naz/v_zna:&pron:ind
кількох кілька numr:gop:v_rod/v_zna/v_mis:&pron:ind
кільком кілька numr:gop:v_dav:&pron:ind
кількома кілька numr:gop:v_oru:&pron:ind

#скількись adv:&pron:ind            # не вживається як прислівник, а лише як numr&pron:ind
скількись скількись numr:gop:v_naz/v_zna:&pron:ind
скількохсь скількись numr:gop:v_rod/v_zna/v_mis:&pron:ind
скількохось скількись numr:gop:v_rod/v_zna/v_mis:&pron:ind
скількомсь скількись numr:gop:v_dav:&pron:ind
скількомось скількись numr:gop:v_dav:&pron:ind
скількомась скількись numr:gop:v_oru:&pron:ind

скільки скільки numr:gop:v_naz/v_zna:&pron:int
скількох скільки numr:gop:v_rod/v_zna/v_mis:&pron:int
скільком скільки numr:gop:v_dav:&pron:int
скількома скільки numr:gop:v_oru:&pron:int

ніскільки adv:&pron:neg
ніскільки ніскільки numr:gop:v_naz/v_zna:&pron:neg
ніскількох ніскільки numr:gop:v_rod/v_zna/v_mis:&pron:neg
ніскільком ніскільки numr:gop:v_dav:&pron:neg
ніскількома ніскільки numr:gop:v_oru:&pron:neg

аніскільки adv:&pron:neg
аніскільки аніскільки numr:gop:v_naz/v_zn2:&pron:neg
аніскількох аніскільки numr:gop:v_rod/v_zn1/v_mis:&pron:neg
аніскільком аніскільки numr:gop:v_dav:&pron:neg
аніскількома аніскільки numr:gop:v_oru:&pron:neg

стільки adv:&pron:dem
стільки стільки numr:gop:v_naz/v_zna:&pron:dem
стількох стільки numr:gop:v_rod/v_zna/v_mis:&pron:dem
стільком стільки numr:gop:v_dav:&pron:dem
стількома стільки numr:gop:v_oru:&pron:dem

стільки-то adv:&pron:dem
стільки-то стільки-то numr:gop:v_naz/v_zna:&pron:dem
стількох-то стільки-то numr:gop:v_rod/v_zna/v_mis:&pron:dem
стільком-то стільки-то numr:gop:v_dav:&pron:dem
стількома-то стільки-то numr:gop:v_oru:&pron:dem

скільки-небудь adv:&pron:ind
скільки-небудь скільки-небудь numr:gop:v_naz/v_zna:&pron:ind
скількох-небудь скільки-небудь numr:gop:v_rod/v_zna/v_mis:&pron:ind
скільком-небудь скільки-небудь numr:gop:v_dav:&pron:ind
скількома-небудь скільки-небудь numr:gop:v_oru:&pron:ind

хтозна-скільки adv:&pron:ind
хтозна-скільки хтозна-скільки numr:v_naz/v_zna:&pron:ind
хтозна-скількох хтозна-скільки numr:v_rod/v_zna/v_mis:&pron:ind
хтозна-скільком хтозна-скільки numr:v_dav:&pron:ind
хтозна-скількома хтозна-скільки numr:v_oru:&pron:ind

бозна-скільки adv:&pron:ind
бозна-скільки бозна-скільки numr:gop:v_naz/v_zna:&pron:ind
бозна-скількох бозна-скільки numr:gop:v_rod/v_zna/v_mis:&pron:ind
бозна-скільком бозна-скільки numr:gop:v_dav:&pron:ind
бозна-скількома бозна-скільки numr:gop:v_oru:&pron:ind

чортзна-скільки adv:&pron:ind
чортзна-скільки чортзна-скільки numr:gop:v_naz/v_zna:&pron:ind
чортзна-скількох чортзна-скільки numr:gop:v_rod/v_zna/v_mis:&pron:ind
чортзна-скільком чортзна-скільки numr:gop:v_dav:&pron:ind
чортзна-скількома чортзна-скільки numr:gop:v_oru:&pron:ind

казна-скільки adv:&pron:ind
казна-скільки казна-скільки numr:gop:v_naz/v_zna:&pron:ind
казна-скількох казна-скільки numr:gop:v_rod/v_zna/v_mis:&pron:ind
казна-скільком казна-скільки numr:gop:v_dav:&pron:ind
казна-скількома казна-скільки numr:gop:v_oru:&pron:ind

невідь-скільки adv:&pron:ind
невідь-скільки невідь-скільки numr:gop:v_naz/v_zna:&pron:ind
невідь-скількох невідь-скільки numr:gop:v_rod/v_zna/v_mis:&pron:ind
невідь-скільком невідь-скільки numr:gop:v_dav:&pron:ind
невідь-скількома невідь-скільки numr:gop:v_oru:&pron:ind

півстільки numr:nv:coll


годину-дві adv
годину-другу adv
місяць-другий adv
тиждень-другий adv
рік-другий adv
вдвічі-втричі adv
день-два adv


# Числівники

один /numr
один /numr ^adj :&pron:dem:ind

обоє обоє numr:gop:v_naz/v_zna
обох обоє numr:gop:v_rod/v_zna/v_mis
обом обоє numr:gop:v_dav
обома обоє numr:gop:v_oru

обидва обидва numr:gms:v_naz/v_zna
обидві обидва numr:gfs:v_naz/v_zna
обох обидва numr:gop:v_rod/v_zna/v_mis
обом обидва numr:gop:v_dav
обома обидва numr:gop:v_oru

обидвоє обидвоє numr:gop:v_naz/v_zna:rare
обидвох обидвоє numr:gop:v_rod/v_zna/v_mis:rare
обидвом обидвоє numr:gop:v_dav:rare
обидвома обидвоє numr:gop:v_oru:rare

два два numr:gms:v_naz/v_zna//gns:v_naz/v_zna
дві два numr:gfs:v_naz/v_zna
двох два numr:gms:v_rod/v_zna/v_mis//gns:v_rod/v_zna/v_mis//gfs:v_rod/v_zna/v_mis
двом два numr:gms:v_dav//gns:v_dav//gfs:v_dav
двома два numr:gms:v_oru//gns:v_oru//gfs:v_oru

двоє двоє numr:gop:v_naz/v_zna
двох двоє numr:gop:v_rod/v_zna/v_mis
двом двоє numr:gop:v_dav
двома двоє numr:gop:v_oru

троє троє numr:gop:v_naz/v_zna
трьом троє numr:gop:v_dav
трьох троє numr:gop:v_rod/v_zna/v_mis
трьома троє numr:gop:v_oru

три три numr:gop:v_naz/v_zna
трьом три numr:gop:v_dav
трьох три numr:gop:v_rod/v_zna/v_mis
трьома три numr:gop:v_oru

чотири чотири numr:gop:v_naz/v_zna
чотирма чотири numr:gop:v_oru
чотирьох чотири numr:gop:v_oru/v_zna/v_mis
чотирьом чотири numr:gop:v_dav
шість шість numr:gop:v_naz/v_zna
шести шість numr:gop:v_rod/v_dav/v_mis
шістьом шість numr:gop:v_dav
шістьох шість numr:gop:v_rod/v_zna/v_mis
шістьма шість numr:gop:v_oru
шістьома шість numr:gop:v_oru
сім сім numr:gop:v_naz/v_zna
семи сім numr:gop:v_rod/v_dav/v_mis
сімох сім numr:gop:v_rod/v_zna/v_mis
сімом сім numr:gop:v_dav
сьома сім numr:gop:v_oru
сімома сім numr:gop:v_oru
вісім вісім numr:gop:v_naz/v_zna
восьми вісім numr:gop:v_rod/v_dav/v_mis
вісьмох вісім numr:gop:v_rod/v_zna/v_mis
вісьмом вісім numr:gop:v_dav
вісьма вісім numr:gop:v_oru
вісьмома вісім numr:gop:v_oru

четверо четверо numr:gop:v_naz/v_zna
чотирма четверо numr:gop:v_oru
чотирьох четверо numr:gop:v_rod/v_zna/v_mis
чотирьом четверо numr:gop:v_dav
п'ятеро п'ятеро numr:gop:v_naz/v_zna
шестеро шестеро numr:gop:v_naz/v_zna
семеро семеро numr:gop:v_naz/v_zna
восьмеро восьмеро numr:gop:v_naz/v_zna
дев'ятеро дев'ятеро numr:gop:v_naz/v_zna
десятеро numr:gop:v_naz/v_zna

одинадцятеро одинадцятеро numr:gop:v_naz/v_zna
дванадцятеро дванадцятеро numr:gop:v_naz/v_zna
тринадцятеро numr:gop:v_naz/v_zna
чотирнадцятеро чотирнадцятеро numr:gop:v_naz/v_zna
п'ятнадцятеро п'ятнадцятеро numr:gop:v_naz/v_zna
шістнадцятеро шістнадцятеро numr:gop:v_naz/v_zna
сімнадцятеро сімнадцятеро numr:gop:v_naz/v_zna
вісімнадцятеро вісімнадцятеро numr:gop:v_naz/v_zna
дев'ятнадцятеро дев'ятнадцятеро numr:gop:v_naz/v_zna
двадцятеро двадцятеро numr:gop:v_naz/v_zna
тридцятеро тридцятеро numr:gop:v_naz/v_zna

сорок сорок numr:gop:v_naz/v_zna
сорока сорок numr:gop:v_rod/v_dav/v_zna/v_oru/v_mis
дев'яносто дев'яносто numr:gop:v_naz/v_zna
дев'яноста дев'яносто numr:gop:v_rod/v_dav/v_oru/v_mis

сто сто numr:gop:v_naz/v_zna
ста сто numr:gop:v_rod/v_dav/v_oru/v_mis
двісті двісті numr:gop:v_naz
двохсот двісті numr:gop:v_rod/v_zna
двомстам двісті numr:gop:v_dav
двомастами двісті numr:gop:v_oru
двохстах двісті numr:gop:v_mis
триста триста numr:gop:v_naz/v_zna
трьохсот триста numr:gop:v_rod/v_zna
трьомстам триста numr:gop:v_dav
трьомастами триста numr:gop:v_oru
трьохстах триста numr:gop:v_mis
чотириста чотириста numr:gop:v_naz/v_zna
чотирьохсот чотириста numr:gop:v_rod/v_zna
чотирьомстам чотириста numr:gop:v_dav
чотирмастами чотириста numr:gop:v_oru
чотирьохстах чотириста numr:gop:v_mis
п'ятсот п'ятсот numr:gop:v_naz/v_zna
п'ятисот п'ятсот numr:gop:v_rod
п'ятистам п'ятсот numr:gop:v_dav
п'ятьмастами п'ятсот numr:gop:v_oru
п'ятьомастами п'ятсот numr:gop:v_oru
п'ятистах п'ятсот numr:gop:v_mis
шістсот шістсот numr:gop:v_naz/v_zna
шестисот шістсот numr:gop:v_rod
шестистам шістсот numr:gop:v_dav
шестистах шістсот numr:gop:v_mis
шістьмастами шістсот numr:gop:v_oru
шістьомастами шістсот numr:gop:v_oru
сімсот сімсот numr:gop:v_naz/v_zna
семисот сімсот numr:gop:v_rod
семистам сімсот numr:gop:v_dav
семистах сімсот numr:gop:v_mis
семистами сімсот numr:gop:v_oru:bad
сьомастами сімсот numr:gop:v_oru
сімомастами сімсот numr:gop:v_oru
вісімсот вісімсот numr:gop:v_naz/v_zna
восьмисот вісімсот numr:gop:v_rod
восьмистам вісімсот numr:gop:v_dav
восьмистах вісімсот numr:gop:v_mis
восьмастами вісімсот numr:gop:v_oru:bad
вісьмастами вісімсот numr:gop:v_oru
вісьмомастами вісімсот numr:gop:v_oru
дев'ятсот дев'ятсот numr:gop:v_naz/v_zna
дев'ятисот дев'ятсот numr:gop:v_rod
дев'ятистам дев'ятсот numr:gop:v_dav
дев'ятьмастами дев'ятсот numr:gop:v_oru
дев'ятьомастами дев'ятсот numr:gop:v_oru
дев'ятистах дев'ятсот numr:gop:v_mis

кількасот кількасот numr:gop:v_naz/v_zna
кількохсот кількасот numr:gop:v_rod
кількомстам кількасот numr:gop:v_dav
кількомастами кількасот numr:gop:v_oru
кількохстах кількасот numr:gop:v_mis

півтора numr:m:nv//n:nv
півтори numr:f:nv
півтора-два numr:m:nv//n:nv
півтори-дві numr:f:nv

півста numr:gop:nv:coll
півтораста numr:gop:nv

один-два один-два numr:gmp:v_naz/v_zna
два-три два-три numr:gmp:v_naz/v_zna
дві-три два-три numr:gfp:v_naz/v_zna
двома-трьома два-три numr:gop:v_oru
двох-трьох два-три numr:gpp:v_rod/v_zna/v_mis
три-чотири три-чотири numr:gop:v_naz/v_zna


# Прислівники
вдвічі adv
удвічі adv
втричі adv:v-u
утричі adv:v-u
вдвоє adv
удвоє adv
втроє adv:v-u
утроє adv:v-u
вчетверо adv:v-u
учетверо adv:v-u
вп'ятеро adv:v-u
уп'ятеро adv:v-u
вшестеро adv:v-u
ушестеро adv:v-u
всемеро adv:v-u
усемеро adv:v-u
ввосьмеро adv:v-u
увосьмеро adv:v-u
вдев'ятеро adv:v-u
удев'ятеро adv:v-u
вдесятеро adv:v-u
удесятеро adv:v-u
вдвох adv
удвох adv
втрьох adv
утрьох adv
вчотирьох adv:v-u
учотирьох adv:v-u
вп'ятьох adv:v-u
уп'ятьох adv:v-u
вшістьох adv:v-u
ушістьох adv:v-u
всімох adv:v-u
усімох adv:v-u
ввісьмох adv:v-u
увісьмох adv:v-u
вдев'ятьох adv:v-u
удев'ятьох adv:v-u
вдесятьох adv:v-u
удесятьох adv:v-u

вдруге adv:v-u
удруге adv:v-u
втретє adv:v-u
утретє adv:v-u
вчетверте adv:v-u
учетверте adv:v-u
вп'яте adv:v-u
уп'яте adv:v-u
вшосте adv:v-u
ушосте adv:v-u
всьоме adv:v-u
усьоме adv:v-u
ввосьме adv:v-u
увосьме adv:v-u
вдев'яте adv:v-u
удев'яте adv:v-u
вдесяте adv:v-u
удесяте adv:v-u

щодесять adv

# Прийменники
без без prep        # rv_rod
біля біля prep        # rv_rod
в в prep:v-u        # rv_zna:rv_mis:rv_rod
у у prep:v-u        # rv_zna:rv_mis:rv_rod
уві уві prep:v-u        # rv_zna:rv_mis:rv_rod
вві вві prep:v-u        # rv_zna:rv_mis:rv_rod
від від prep        # rv_rod
відповідно відповідно prep        # rv_dav
внаслідок внаслідок prep:v-u        # rv_rod
унаслідок унаслідок prep:v-u        # rv_rod
вподовж вподовж prep:v-u        # rv_rod
уподовж уподовж prep:v-u        # rv_rod
впродовж впродовж prep:v-u|adv        # rv_rod
упродовж упродовж prep:v-u|adv        # rv_rod
вздовж вздовж prep:v-u|adv        # rv_rod
уздовж уздовж prep:v-u|adv        # rv_rod
впоперек впоперек prep:v-u|adv        # rv_rod
упоперек упоперек prep:v-u|adv        # rv_rod
вслід вслід prep:v-u        # rv_dav
услід услід prep:v-u        # rv_dav
всупереч всупереч prep:v-u        # rv_dav
усупереч усупереч prep:v-u        # rv_dav
для для prep        # rv_rod
до до prep        # rv_rod
довкола довкола prep        # rv_rod
з з prep        # rv_rod:rv_zna:rv_oru
за за prep        # rv_rod:rv_zna:rv_oru
із із prep        # rv_rod:rv_zna:rv_oru
зі зі prep        # rv_rod:rv_zna:rv_oru
зо зо prep        # rv_rod:rv_zna:rv_oru
завдяки завдяки prep        # rv_dav
задля задля prep        # rv_rod
залежно залежно prep        # rv_rod
замість замість prep         # rv_rod:rv_inf
заради заради prep        # rv_rod
#згідно згідно prep        # rv_rod
зверху зверху prep        # rv_rod
здовж здовж prep|adv        # rv_rod
з-за з-за prep        # rv_rod
із-за із-за prep        # rv_rod
з-над з-над prep        # rv_rod
з-перед з-перед prep        # rv_rod
з-під з-під prep        # rv_rod
з-попід з-попід prep        # rv_rod
з-позад з-позад prep        # rv_rod
із-під із-під prep        # rv_rod
з-поза з-поза prep        # rv_rod
з-поміж з-поміж prep        # rv_rod
з-понад з-понад prep        # rv_rod
з-поперед з-поперед prep        # rv_rod
з-посеред з-посеред prep        # rv_rod
з-проміж з-проміж prep        # rv_rod
з-серед з-серед prep        # rv_rod
ззаду ззаду prep        # rv_rod
зсередини зсередини prep        # rv_rod
ізсередини ізсередини prep        # rv_rod
кінець кінець prep        # rv_rod
коло коло prep        # rv_rod
край край prep        # rv_rod
крізь крізь prep        # rv_zna
крім крім prep        # rv_rod
круг круг prep        # rv_rod
кругом кругом prep        # rv_rod
між між prep        # rv_rod:rv_zna:rv_oru
проміж проміж prep        # rv_rod:rv_zna:rv_oru
поміж поміж prep        # rv_rod:rv_zna:rv_oru
на на prep        # rv_zna:rv_mis
навколо prep        # rv_rod
навкруг prep        # rv_rod
навпаки навпаки prep        # rv_dav
навперейми навперейми prep        # rv_dav
над над prep        # rv_oru:rv_zna
наді наді prep        # rv_oru
надо надо prep        # rv_oru:rv_zna
наперед наперед prep        # rv_rod
напередодні напередодні prep        # rv_rod
наперекір наперекір prep        # rv_dav
напереріз напереріз prep        # rv_dav
наприкінці наприкінці prep        # rv_rod
напроти напроти prep        # rv_rod
навпроти навпроти prep        # rv_rod
насеред насеред prep        # rv_rod
насупроти насупроти prep        # rv_rod
невважаючи невважаючи prep        # rv_zna
нижче нижче prep        # rv_zna
о о prep        # rv_zna:rv_mis
о о intj
об об prep        # rv_zna:rv_mis
обабіч обабіч prep        # rv_rod
обіч обіч prep        # rv_rod
обік обік prep|adv        # rv_rod
од од prep        # rv_rod
окрай окрай prep        # rv_rod
окрім окрім prep        # rv_rod
округ округ prep        # rv_rod
округи округи prep        # rv_rod
опісля опісля prep        # rv_rod
опріч опріч prep|adv        # rv_rod
перед перед prep        # rv_oru:rv_zna
переді переді prep        # rv_oru:rv_zna
під під prep        # rv_zna:rv_oru
піді піді prep        # rv_oru
після після prep|adv        # rv_rod
по по prep        # rv_mis:rv_zna
побік побік prep        # rv_rod
побіч побіч prep        # rv_rod
поблизу поблизу prep        # rv_rod
поверх поверх prep        # rv_rod
повз повз prep        # rv_zna
повздовж повздовж prep        # rv_rod
подовж подовж prep|adv        # rv_rod
поза поза prep        # rv_zna:rv_oru
позад позад prep|adv        # rv_rod
позаду позаду prep|adv        # rv_rod
поздовж поздовж prep        # rv_rod
покрай покрай prep        # rv_rod
понад понад prep        # rv_oru:rv_zna
понадо понадо prep        # rv_oru:rv_zna
поперек поперек prep        # rv_rod
поперед поперед prep|adv        # rv_rod:rv_zna:rv_oru
попереду попереду prep|adv        # rv_rod
попід попід prep        # rv_zna:rv_oru
попліч попліч prep        # rv_rod:rv_oru
попри попри prep        # rv_zna
поруч поруч prep        # rv_rod
поряд поряд prep        # rv_rod
посеред посеред prep|adv        # rv_rod
посередині посередині prep        # rv_rod
при при prep        # rv_mis
про про prep        # rv_zna
протягом протягом prep|adv        # rv_rod
просто просто prep|part        # rv_rod
проти проти prep        # rv_rod
раніше раніше prep        # rv_rod
серед серед prep        # rv_rod
спереду спереду prep        # rv_rod
супроти супроти prep        # rv_rod
супротив супротив prep|adv        # rv_rod
через через prep        # rv_zna
шляхом шляхом prep        # rv_rod
щодо щодо prep        # rv_rod

незважаючи незважаючи prep


# частки і сполучники
# Однолітерні слова
а а conj:coord|part|intj
б б part
ж ж conj:coord
ж ж part
і і conj:coord|part
й й conj:coord|part

най най part:rare

# решта
аби conj:subord
аби-но conj:subord
абощо part
або conj:coord
авжеж part
адже part|conj:subord
ажень part
аж part|conj:subord
аж-аж part|conj:subord
аж-аж-аж part|conj:subord
але conj:coord|intj|part:rare
аніж conj:subord
ані-ні part
ані conj:coord|part
ану intj|part
атож part
ато part
ач intj|part
іч intj
ич intj|part
аякже part
ба intj|part|conj:subord
би part
бодай part
бо conj:subord|part
буцім conj:subord|part
буцімто conj:subord|part
відколи adv:&pron:int:rel|conj:subord
все-таки conj:coord:v-u
усе-таки conj:coord:v-u
все-таки part:v-u
усе-таки part:v-u
втім adv:v-u|conj:coord:v-u
геть adv|intj|part
геть-то adv
дедалі adv|part
де adv:&pron:int:rel|part
доки adv:&pron:int:rel|conj:subord
допоки adv|conj:subord
еге part|intj
же part|conj:coord
зате conj:coord
затим adv
ібн part
коли adv:&pron:int:rel|conj:subord|part
ледве adv|part|conj:subord
ледь adv|conj:subord
лиш part|conj:subord
лише part|conj:subord
лишень part|conj:subord
мерсі part
мов conj:subord|part:&insert
мовби conj:subord|part
мовбито conj:subord|part
навіть part
нате part
натомість adv
начебто conj:subord|part
начеб conj:subord|part
наче conj:subord|part
неначе conj:subord|part
на part|intj
невже part
немов conj:subord|part
немовби conj:subord|part
немовбито conj:subord|part
неначебто conj:subord|part
нехай part|conj:subord
нехай-но part|conj:subord
не part
ніби conj:subord|part
нібито conj:subord|part
ніж conj:subord
ні-ні part
ні part
нумо intj|part
ну intj|part
однак conj:coord|adv:&insert
одначе conj:coord:&insert
онде part|adv
он part
оскільки conj:subord
ось part
отже part:&insert|conj:subord
отож-то conj:subord
отож part|conj:subord
ото part
от part
оце part
позаяк conj:subord
покіль adv|conj:subord
попросту adv|part
прецінь part|adv:&insert|conj:coord
причім adv|conj:subord
причому adv|conj:subord
проте conj:coord|adv
раз adv|conj:subord
саме adv|part
себто conj:subord
сиріч conj:subord
справді adv:&insert|part
також adv:&insert|conj:coord
так adv:&pron:dem|part|conj:coord:subord
там adv:&pron:dem|part
там-то adv:&pron:dem
та conj:coord|part
теє part
теж adv|part
тим-то conj:subord
тільки adv|conj:subord|part
тільки-но adv|part|conj:subord
тобто conj:subord|part
тож conj:subord|part
тому conj:subord|adv
тощо part
то conj:subord
утім adv:v-u|conj:coord:v-u
хай part|conj:subord
хіба conj:subord|part
хоча conj:subord|part
хоч conj:subord|part
цебто conj:subord|part
чи conj:coord:subord|part
щоби conj:subord|part
щоб conj:subord|part
щойно adv|conj:subord|part
іно adv:rare|conj:subord:rare
йно adv:rare|conj:subord:rare
щоправда conj:subord
якби conj:subord
як-от part
якраз adv|part
якщо conj:subord
як adv:&pron:int:rel|conj:subord|part
а-ля conj:subord

ге part|intj
се part
осе part
отсе part
так-таки part
ачей part
так-так part|intj
всього-на-всього part
усього-на-всього part
но part|intj
онно part
оно part
так-то part|adv
то-то part
отто part
осісьо part
угу part
чень part
чортзна чортзна part
як-таки part

# рідковживані
ув ув prep                  # rv_zna:rv_mis:rv_rod
з-між з-між prep        # rv_rod
ві ві prep                  # rv_zna:rv_mis
звиш звиш prep:rare        # rv_rod:rv_zna
поконець поконець prep:rare        # rv_rod
межи межи prep:rare        # rv_oru:rv_rod:rv_zna
помежи помежи prep:rare        # rv_oru:rv_rod:rv_zna
пред пред prep:rare        # rv_oru:rv_zna
передо передо prep:rare        # rv_oru:rv_zna
предо предо prep:rare        # rv_oru:rv_zna
підо підо prep        # rv_oru:rv_zna
во во prep:rare        # rv_zna:rv_mis

обойко numr:p:nv:coll
обоєчко numr:p:nv:coll
двойко numr:p:nv:coll
двоєчко numr:p:nv:coll
двійко numr:p:nv:coll
п'ятірко numr:p:nv:coll
трійко numr:p:nv:coll
тройко numr:p:nv:coll
четвірко numr:p:nv:coll
семерко numr:p:nv:coll
декілько numr:gop:v_naz/v_zna:coll
кількадесятеро numr:gop:v_naz/v_zna:coll
кільканадцятеро numr:gop:v_naz/v_zna:coll

доперва adv:rare|part:rare
суціль adv:rare
долів adv:rare
